Archive member included to satisfy reference by file (symbol)

f:/ac6/system workbench/plugins/fr.ac6.mcu.externaltools.arm-none.win32_1.7.0.201602121829/tools/compiler/bin/../lib/gcc/arm-none-eabi/5.2.1/armv7e-m/fpu\libgcc.a(_lshrdi3.o)
                              Drivers/STM32F3xx_HAL_Driver/Src/stm32f3xx_hal_flash.o (__aeabi_llsr)
f:/ac6/system workbench/plugins/fr.ac6.mcu.externaltools.arm-none.win32_1.7.0.201602121829/tools/compiler/bin/../lib/gcc/arm-none-eabi/5.2.1/../../../../arm-none-eabi/lib/armv7e-m/fpu\libc_nano.a(lib_a-exit.o)
                              f:/ac6/system workbench/plugins/fr.ac6.mcu.externaltools.arm-none.win32_1.7.0.201602121829/tools/compiler/bin/../lib/gcc/arm-none-eabi/5.2.1/../../../../arm-none-eabi/lib/armv7e-m/fpu/crt0.o (exit)
f:/ac6/system workbench/plugins/fr.ac6.mcu.externaltools.arm-none.win32_1.7.0.201602121829/tools/compiler/bin/../lib/gcc/arm-none-eabi/5.2.1/../../../../arm-none-eabi/lib/armv7e-m/fpu\libc_nano.a(lib_a-impure.o)
                              f:/ac6/system workbench/plugins/fr.ac6.mcu.externaltools.arm-none.win32_1.7.0.201602121829/tools/compiler/bin/../lib/gcc/arm-none-eabi/5.2.1/../../../../arm-none-eabi/lib/armv7e-m/fpu\libc_nano.a(lib_a-exit.o) (_global_impure_ptr)
f:/ac6/system workbench/plugins/fr.ac6.mcu.externaltools.arm-none.win32_1.7.0.201602121829/tools/compiler/bin/../lib/gcc/arm-none-eabi/5.2.1/../../../../arm-none-eabi/lib/armv7e-m/fpu\libc_nano.a(lib_a-init.o)
                              f:/ac6/system workbench/plugins/fr.ac6.mcu.externaltools.arm-none.win32_1.7.0.201602121829/tools/compiler/bin/../lib/gcc/arm-none-eabi/5.2.1/../../../../arm-none-eabi/lib/armv7e-m/fpu/crt0.o (__libc_init_array)
f:/ac6/system workbench/plugins/fr.ac6.mcu.externaltools.arm-none.win32_1.7.0.201602121829/tools/compiler/bin/../lib/gcc/arm-none-eabi/5.2.1/../../../../arm-none-eabi/lib/armv7e-m/fpu\libc_nano.a(lib_a-memset.o)
                              f:/ac6/system workbench/plugins/fr.ac6.mcu.externaltools.arm-none.win32_1.7.0.201602121829/tools/compiler/bin/../lib/gcc/arm-none-eabi/5.2.1/../../../../arm-none-eabi/lib/armv7e-m/fpu/crt0.o (memset)
f:/ac6/system workbench/plugins/fr.ac6.mcu.externaltools.arm-none.win32_1.7.0.201602121829/tools/compiler/bin/../lib/gcc/arm-none-eabi/5.2.1/../../../../arm-none-eabi/lib/armv7e-m/fpu\libnosys.a(_exit.o)
                              f:/ac6/system workbench/plugins/fr.ac6.mcu.externaltools.arm-none.win32_1.7.0.201602121829/tools/compiler/bin/../lib/gcc/arm-none-eabi/5.2.1/../../../../arm-none-eabi/lib/armv7e-m/fpu\libc_nano.a(lib_a-exit.o) (_exit)

Allocating common symbols
Common symbol       size              file

uwTick              0x4               Drivers/STM32F3xx_HAL_Driver/Src/stm32f3xx_hal.o
pFlash              0x20              Drivers/STM32F3xx_HAL_Driver/Src/stm32f3xx_hal_flash.o

Discarded input sections

 .text          0x00000000        0x0 f:/ac6/system workbench/plugins/fr.ac6.mcu.externaltools.arm-none.win32_1.7.0.201602121829/tools/compiler/bin/../lib/gcc/arm-none-eabi/5.2.1/armv7e-m/fpu/crti.o
 .data          0x00000000        0x0 f:/ac6/system workbench/plugins/fr.ac6.mcu.externaltools.arm-none.win32_1.7.0.201602121829/tools/compiler/bin/../lib/gcc/arm-none-eabi/5.2.1/armv7e-m/fpu/crti.o
 .bss           0x00000000        0x0 f:/ac6/system workbench/plugins/fr.ac6.mcu.externaltools.arm-none.win32_1.7.0.201602121829/tools/compiler/bin/../lib/gcc/arm-none-eabi/5.2.1/armv7e-m/fpu/crti.o
 .data          0x00000000        0x4 f:/ac6/system workbench/plugins/fr.ac6.mcu.externaltools.arm-none.win32_1.7.0.201602121829/tools/compiler/bin/../lib/gcc/arm-none-eabi/5.2.1/armv7e-m/fpu/crtbegin.o
 .text          0x00000000       0x74 f:/ac6/system workbench/plugins/fr.ac6.mcu.externaltools.arm-none.win32_1.7.0.201602121829/tools/compiler/bin/../lib/gcc/arm-none-eabi/5.2.1/../../../../arm-none-eabi/lib/armv7e-m/fpu/crt0.o
 .data          0x00000000        0x0 f:/ac6/system workbench/plugins/fr.ac6.mcu.externaltools.arm-none.win32_1.7.0.201602121829/tools/compiler/bin/../lib/gcc/arm-none-eabi/5.2.1/../../../../arm-none-eabi/lib/armv7e-m/fpu/crt0.o
 .bss           0x00000000        0x0 f:/ac6/system workbench/plugins/fr.ac6.mcu.externaltools.arm-none.win32_1.7.0.201602121829/tools/compiler/bin/../lib/gcc/arm-none-eabi/5.2.1/../../../../arm-none-eabi/lib/armv7e-m/fpu/crt0.o
 .ARM.extab     0x00000000        0x0 f:/ac6/system workbench/plugins/fr.ac6.mcu.externaltools.arm-none.win32_1.7.0.201602121829/tools/compiler/bin/../lib/gcc/arm-none-eabi/5.2.1/../../../../arm-none-eabi/lib/armv7e-m/fpu/crt0.o
 .ARM.exidx     0x00000000        0x8 f:/ac6/system workbench/plugins/fr.ac6.mcu.externaltools.arm-none.win32_1.7.0.201602121829/tools/compiler/bin/../lib/gcc/arm-none-eabi/5.2.1/../../../../arm-none-eabi/lib/armv7e-m/fpu/crt0.o
 .ARM.attributes
[...]
Memory Configuration

Name             Origin             Length             Attributes
RAM              0x20000000         0x0000a000         xrw
CCMRAM           0x10000000         0x00002000         rw
FLASH            0x08000000         0x00040000         xr
*default*        0x00000000         0xffffffff

Linker script and memory map

LOAD f:/ac6/system workbench/plugins/fr.ac6.mcu.externaltools.arm-none.win32_1.7.0.201602121829/tools/compiler/bin/../lib/gcc/arm-none-eabi/5.2.1/armv7e-m/fpu/crti.o
LOAD f:/ac6/system workbench/plugins/fr.ac6.mcu.externaltools.arm-none.win32_1.7.0.201602121829/tools/compiler/bin/../lib/gcc/arm-none-eabi/5.2.1/armv7e-m/fpu/crtbegin.o
LOAD f:/ac6/system workbench/plugins/fr.ac6.mcu.externaltools.arm-none.win32_1.7.0.201602121829/tools/compiler/bin/../lib/gcc/arm-none-eabi/5.2.1/../../../../arm-none-eabi/lib/armv7e-m/fpu/crt0.o
LOAD f:/ac6/system workbench/plugins/fr.ac6.mcu.externaltools.arm-none.win32_1.7.0.201602121829/tools/compiler/bin/../lib/gcc/arm-none-eabi/5.2.1/../../../../arm-none-eabi/lib/armv7e-m/fpu\libm.a
LOAD Drivers/CMSIS/Device/ST/STM32F3xx/Source/Templates/gcc/startup_stm32f303xc.o
LOAD Drivers/CMSIS/Device/ST/STM32F3xx/Source/Templates/system_stm32f3xx.o
LOAD Drivers/STM32F3xx_HAL_Driver/Src/stm32f3xx_hal.o
LOAD Drivers/STM32F3xx_HAL_Driver/Src/stm32f3xx_hal_cortex.o
LOAD Drivers/STM32F3xx_HAL_Driver/Src/stm32f3xx_hal_dma.o
LOAD Drivers/STM32F3xx_HAL_Driver/Src/stm32f3xx_hal_flash.o
LOAD Drivers/STM32F3xx_HAL_Driver/Src/stm32f3xx_hal_flash_ex.o
LOAD Drivers/STM32F3xx_HAL_Driver/Src/stm32f3xx_hal_gpio.o
LOAD Drivers/STM32F3xx_HAL_Driver/Src/stm32f3xx_hal_i2c.o
LOAD Drivers/STM32F3xx_HAL_Driver/Src/stm32f3xx_hal_i2c_ex.o
LOAD Drivers/STM32F3xx_HAL_Driver/Src/stm32f3xx_hal_pwr.o
LOAD Drivers/STM32F3xx_HAL_Driver/Src/stm32f3xx_hal_pwr_ex.o
LOAD Drivers/STM32F3xx_HAL_Driver/Src/stm32f3xx_hal_rcc.o
LOAD Drivers/STM32F3xx_HAL_Driver/Src/stm32f3xx_hal_rcc_ex.o
LOAD Drivers/STM32F3xx_HAL_Driver/Src/stm32f3xx_hal_tim.o
LOAD Drivers/STM32F3xx_HAL_Driver/Src/stm32f3xx_hal_tim_ex.o
LOAD Src/SparkCycle.o
LOAD Src/gpio.o
LOAD Src/stm32f3xx_hal_msp.o
LOAD Src/stm32f3xx_it.o
START GROUP
LOAD f:/ac6/system workbench/plugins/fr.ac6.mcu.externaltools.arm-none.win32_1.7.0.201602121829/tools/compiler/bin/../lib/gcc/arm-none-eabi/5.2.1/armv7e-m/fpu\libgcc.a
LOAD f:/ac6/system workbench/plugins/fr.ac6.mcu.externaltools.arm-none.win32_1.7.0.201602121829/tools/compiler/bin/../lib/gcc/arm-none-eabi/5.2.1/../../../../arm-none-eabi/lib/armv7e-m/fpu\libc_nano.a
END GROUP
START GROUP
LOAD f:/ac6/system workbench/plugins/fr.ac6.mcu.externaltools.arm-none.win32_1.7.0.201602121829/tools/compiler/bin/../lib/gcc/arm-none-eabi/5.2.1/armv7e-m/fpu\libgcc.a
LOAD f:/ac6/system workbench/plugins/fr.ac6.mcu.externaltools.arm-none.win32_1.7.0.201602121829/tools/compiler/bin/../lib/gcc/arm-none-eabi/5.2.1/../../../../arm-none-eabi/lib/armv7e-m/fpu\libc_nano.a
LOAD f:/ac6/system workbench/plugins/fr.ac6.mcu.externaltools.arm-none.win32_1.7.0.201602121829/tools/compiler/bin/../lib/gcc/arm-none-eabi/5.2.1/../../../../arm-none-eabi/lib/armv7e-m/fpu\libnosys.a
END GROUP
START GROUP
LOAD f:/ac6/system workbench/plugins/fr.ac6.mcu.externaltools.arm-none.win32_1.7.0.201602121829/tools/compiler/bin/../lib/gcc/arm-none-eabi/5.2.1/armv7e-m/fpu\libgcc.a
LOAD f:/ac6/system workbench/plugins/fr.ac6.mcu.externaltools.arm-none.win32_1.7.0.201602121829/tools/compiler/bin/../lib/gcc/arm-none-eabi/5.2.1/../../../../arm-none-eabi/lib/armv7e-m/fpu\libc_nano.a
LOAD f:/ac6/system workbench/plugins/fr.ac6.mcu.externaltools.arm-none.win32_1.7.0.201602121829/tools/compiler/bin/../lib/gcc/arm-none-eabi/5.2.1/../../../../arm-none-eabi/lib/armv7e-m/fpu\libnosys.a
END GROUP
LOAD f:/ac6/system workbench/plugins/fr.ac6.mcu.externaltools.arm-none.win32_1.7.0.201602121829/tools/compiler/bin/../lib/gcc/arm-none-eabi/5.2.1/armv7e-m/fpu/crtend.o
LOAD f:/ac6/system workbench/plugins/fr.ac6.mcu.externaltools.arm-none.win32_1.7.0.201602121829/tools/compiler/bin/../lib/gcc/arm-none-eabi/5.2.1/armv7e-m/fpu/crtn.o
                0x2000a000                _estack = 0x2000a000
                0x00000200                _Min_Heap_Size = 0x200
                0x00000400                _Min_Stack_Size = 0x400

.isr_vector     0x08000000      0x188
                0x08000000                . = ALIGN (0x4)
 *(.isr_vector)
 .isr_vector    0x08000000      0x188 Drivers/CMSIS/Device/ST/STM32F3xx/Source/Templates/gcc/startup_stm32f303xc.o
                0x08000000                g_pfnVectors
                0x08000188                . = ALIGN (0x4)

.text           0x08000188     0x10a4
                0x08000188                . = ALIGN (0x4)
 *(.text)
 .text          0x08000188       0xa4 f:/ac6/system workbench/plugins/fr.ac6.mcu.externaltools.arm-none.win32_1.7.0.201602121829/tools/compiler/bin/../lib/gcc/arm-none-eabi/5.2.1/armv7e-m/fpu/crtbegin.o
 *(.text*)
 .text.Reset_Handler
                0x0800022c       0x50 Drivers/CMSIS/Device/ST/STM32F3xx/Source/Templates/gcc/startup_stm32f303xc.o
                0x0800022c                Reset_Handler
 .text.Default_Handler
                0x0800027c        0x2 Drivers/CMSIS/Device/ST/STM32F3xx/Source/Templates/gcc/startup_stm32f303xc.o
                0x0800027c                RTC_Alarm_IRQHandler
                0x0800027c                TIM8_TRG_COM_IRQHandler
                0x0800027c                TIM8_CC_IRQHandler
                0x0800027c                TIM1_CC_IRQHandler
                0x0800027c                USB_HP_IRQHandler
                0x0800027c                PVD_IRQHandler
                0x0800027c                TAMP_STAMP_IRQHandler
                0x0800027c                EXTI3_IRQHandler
                0x0800027c                USB_HP_CAN_TX_IRQHandler
                0x0800027c                EXTI0_IRQHandler
                0x0800027c                I2C2_EV_IRQHandler
                0x0800027c                FPU_IRQHandler
                0x0800027c                TIM1_UP_TIM16_IRQHandler
                0x0800027c                ADC1_2_IRQHandler
                0x0800027c                SPI1_IRQHandler
                0x0800027c                CAN_SCE_IRQHandler
                0x0800027c                TIM6_DAC_IRQHandler
                0x0800027c                TIM8_UP_IRQHandler
                0x0800027c                DMA2_Channel2_IRQHandler
                0x0800027c                DMA1_Channel4_IRQHandler
                0x0800027c                USART3_IRQHandler
                0x0800027c                DMA1_Channel7_IRQHandler
                0x0800027c                UART5_IRQHandler
                0x0800027c                ADC3_IRQHandler
                0x0800027c                TIM4_IRQHandler
                0x0800027c                CAN_RX1_IRQHandler
                0x0800027c                DMA2_Channel1_IRQHandler
                0x0800027c                I2C1_EV_IRQHandler
                0x0800027c                DMA1_Channel6_IRQHandler
                0x0800027c                UART4_IRQHandler
                0x0800027c                DMA2_Channel4_IRQHandler
                0x0800027c                TIM3_IRQHandler
                0x0800027c                RCC_IRQHandler
                0x0800027c                DMA1_Channel1_IRQHandler
                0x0800027c                Default_Handler
                0x0800027c                USBWakeUp_RMP_IRQHandler
                0x0800027c                EXTI15_10_IRQHandler
                0x0800027c                TIM7_IRQHandler
                0x0800027c                EXTI9_5_IRQHandler
                0x0800027c                RTC_WKUP_IRQHandler
                0x0800027c                SPI2_IRQHandler
                0x0800027c                USB_LP_CAN_RX0_IRQHandler
                0x0800027c                DMA2_Channel5_IRQHandler
                0x0800027c                DMA1_Channel5_IRQHandler
                0x0800027c                USB_LP_IRQHandler
                0x0800027c                EXTI4_IRQHandler
                0x0800027c                TIM1_TRG_COM_TIM17_IRQHandler
                0x0800027c                DMA1_Channel3_IRQHandler
                0x0800027c                ADC4_IRQHandler
                0x0800027c                WWDG_IRQHandler
                0x0800027c                TIM2_IRQHandler
                0x0800027c                COMP7_IRQHandler
                0x0800027c                COMP1_2_3_IRQHandler
                0x0800027c                EXTI1_IRQHandler
                0x0800027c                USART2_IRQHandler
                0x0800027c                COMP4_5_6_IRQHandler
                0x0800027c                I2C2_ER_IRQHandler
                0x0800027c                DMA1_Channel2_IRQHandler
                0x0800027c                TIM8_BRK_IRQHandler
                0x0800027c                FLASH_IRQHandler
                0x0800027c                USART1_IRQHandler
                0x0800027c                SPI3_IRQHandler
                0x0800027c                I2C1_ER_IRQHandler
                0x0800027c                USBWakeUp_IRQHandler
                0x0800027c                DMA2_Channel3_IRQHandler
                0x0800027c                EXTI2_TSC_IRQHandler
                0x0800027c                TIM1_BRK_TIM15_IRQHandler
 *fill*         0x0800027e        0x2 
 .text.SystemInit
                0x08000280       0x68 Drivers/CMSIS/Device/ST/STM32F3xx/Source/Templates/system_stm32f3xx.o
                0x08000280                SystemInit
 .text.HAL_InitTick
                0x080002e8       0x28 Drivers/STM32F3xx_HAL_Driver/Src/stm32f3xx_hal.o
                0x080002e8                HAL_InitTick
 .text.HAL_Init
                0x08000310       0x24 Drivers/STM32F3xx_HAL_Driver/Src/stm32f3xx_hal.o
                0x08000310                HAL_Init
 .text.HAL_IncTick
                0x08000334       0x10 Drivers/STM32F3xx_HAL_Driver/Src/stm32f3xx_hal.o
                0x08000334                HAL_IncTick
 .text.HAL_GetTick
                0x08000344        0xc Drivers/STM32F3xx_HAL_Driver/Src/stm32f3xx_hal.o
                0x08000344                HAL_GetTick
 .text.HAL_Delay
                0x08000350       0x1a Drivers/STM32F3xx_HAL_Driver/Src/stm32f3xx_hal.o
                0x08000350                HAL_Delay
 *fill*         0x0800036a        0x2 
 .text.HAL_NVIC_SetPriorityGrouping
                0x0800036c       0x38 Drivers/STM32F3xx_HAL_Driver/Src/stm32f3xx_hal_cortex.o
                0x0800036c                HAL_NVIC_SetPriorityGrouping
 .text.HAL_NVIC_SetPriority
                0x080003a4       0x88 Drivers/STM32F3xx_HAL_Driver/Src/stm32f3xx_hal_cortex.o
                0x080003a4                HAL_NVIC_SetPriority
 .text.HAL_SYSTICK_Config
                0x0800042c       0x2c Drivers/STM32F3xx_HAL_Driver/Src/stm32f3xx_hal_cortex.o
                0x0800042c                HAL_SYSTICK_Config
 .text.HAL_SYSTICK_CLKSourceConfig
                0x08000458       0x30 Drivers/STM32F3xx_HAL_Driver/Src/stm32f3xx_hal_cortex.o
                0x08000458                HAL_SYSTICK_CLKSourceConfig
 .text.HAL_SYSTICK_Callback
                0x08000488        0x2 Drivers/STM32F3xx_HAL_Driver/Src/stm32f3xx_hal_cortex.o
                0x08000488                HAL_SYSTICK_Callback
 .text.HAL_SYSTICK_IRQHandler
                0x0800048a        0x8 Drivers/STM32F3xx_HAL_Driver/Src/stm32f3xx_hal_cortex.o
                0x0800048a                HAL_SYSTICK_IRQHandler
 *fill*         0x08000492        0x2 
 .text.HAL_GPIO_Init
                0x08000494      0x28c Drivers/STM32F3xx_HAL_Driver/Src/stm32f3xx_hal_gpio.o
                0x08000494                HAL_GPIO_Init
 .text.HAL_GPIO_ReadPin
                0x08000720       0x24 Drivers/STM32F3xx_HAL_Driver/Src/stm32f3xx_hal_gpio.o
                0x08000720                HAL_GPIO_ReadPin
 .text.HAL_GPIO_WritePin
                0x08000744       0x34 Drivers/STM32F3xx_HAL_Driver/Src/stm32f3xx_hal_gpio.o
                0x08000744                HAL_GPIO_WritePin
 .text.HAL_GPIO_TogglePin
                0x08000778       0x20 Drivers/STM32F3xx_HAL_Driver/Src/stm32f3xx_hal_gpio.o
                0x08000778                HAL_GPIO_TogglePin
 .text.HAL_RCC_OscConfig
                0x08000798      0x5a4 Drivers/STM32F3xx_HAL_Driver/Src/stm32f3xx_hal_rcc.o
                0x08000798                HAL_RCC_OscConfig
 .text.HAL_RCC_GetSysClockFreq
                0x08000d3c       0x64 Drivers/STM32F3xx_HAL_Driver/Src/stm32f3xx_hal_rcc.o
                0x08000d3c                HAL_RCC_GetSysClockFreq
 .text.HAL_RCC_ClockConfig
                0x08000da0      0x218 Drivers/STM32F3xx_HAL_Driver/Src/stm32f3xx_hal_rcc.o
                0x08000da0                HAL_RCC_ClockConfig
 .text.HAL_RCC_GetHCLKFreq
                0x08000fb8        0xc Drivers/STM32F3xx_HAL_Driver/Src/stm32f3xx_hal_rcc.o
                0x08000fb8                HAL_RCC_GetHCLKFreq
 .text.SystemClock_Config
                0x08000fc4       0x6a Src/SparkCycle.o
                0x08000fc4                SystemClock_Config
 *fill*         0x0800102e        0x2 
 .text.startup.main
                0x08001030       0x8c Src/SparkCycle.o
                0x08001030                main
 .text.assert_failed
                0x080010bc        0x2 Src/SparkCycle.o
                0x080010bc                assert_failed
 *fill*         0x080010be        0x2 
 .text.MX_GPIO_Init
                0x080010c0       0x6c Src/gpio.o
                0x080010c0                MX_GPIO_Init
 .text.HAL_MspInit
                0x0800112c       0x7c Src/stm32f3xx_hal_msp.o
                0x0800112c                HAL_MspInit
 .text.NMI_Handler
                0x080011a8        0x2 Src/stm32f3xx_it.o
                0x080011a8                NMI_Handler
 .text.HardFault_Handler
                0x080011aa        0x2 Src/stm32f3xx_it.o
                0x080011aa                HardFault_Handler
 .text.MemManage_Handler
                0x080011ac        0x2 Src/stm32f3xx_it.o
                0x080011ac                MemManage_Handler
 .text.BusFault_Handler
                0x080011ae        0x2 Src/stm32f3xx_it.o
                0x080011ae                BusFault_Handler
 .text.UsageFault_Handler
                0x080011b0        0x2 Src/stm32f3xx_it.o
                0x080011b0                UsageFault_Handler
 .text.SVC_Handler
                0x080011b2        0x2 Src/stm32f3xx_it.o
                0x080011b2                SVC_Handler
 .text.DebugMon_Handler
                0x080011b4        0x2 Src/stm32f3xx_it.o
                0x080011b4                DebugMon_Handler
 .text.PendSV_Handler
                0x080011b6        0x2 Src/stm32f3xx_it.o
                0x080011b6                PendSV_Handler
 .text.SysTick_Handler
                0x080011b8        0xe Src/stm32f3xx_it.o
                0x080011b8                SysTick_Handler
 *fill*         0x080011c6        0x2 
 .text.__libc_init_array
                0x080011c8       0x4c f:/ac6/system workbench/plugins/fr.ac6.mcu.externaltools.arm-none.win32_1.7.0.201602121829/tools/compiler/bin/../lib/gcc/arm-none-eabi/5.2.1/../../../../arm-none-eabi/lib/armv7e-m/fpu\libc_nano.a(lib_a-init.o)
                0x080011c8                __libc_init_array
 *(.glue_7)
 .glue_7        0x08001214        0x0 linker stubs
 *(.glue_7t)
 .glue_7t       0x08001214        0x0 linker stubs
 *(.eh_frame)
 .eh_frame      0x08001214        0x0 f:/ac6/system workbench/plugins/fr.ac6.mcu.externaltools.arm-none.win32_1.7.0.201602121829/tools/compiler/bin/../lib/gcc/arm-none-eabi/5.2.1/armv7e-m/fpu/crtbegin.o
 *(.init)
 .init          0x08001214        0x4 f:/ac6/system workbench/plugins/fr.ac6.mcu.externaltools.arm-none.win32_1.7.0.201602121829/tools/compiler/bin/../lib/gcc/arm-none-eabi/5.2.1/armv7e-m/fpu/crti.o
                0x08001214                _init
 .init          0x08001218        0x8 f:/ac6/system workbench/plugins/fr.ac6.mcu.externaltools.arm-none.win32_1.7.0.201602121829/tools/compiler/bin/../lib/gcc/arm-none-eabi/5.2.1/armv7e-m/fpu/crtn.o
 *(.fini)
 .fini          0x08001220        0x4 f:/ac6/system workbench/plugins/fr.ac6.mcu.externaltools.arm-none.win32_1.7.0.201602121829/tools/compiler/bin/../lib/gcc/arm-none-eabi/5.2.1/armv7e-m/fpu/crti.o
                0x08001220                _fini
 .fini          0x08001224        0x8 f:/ac6/system workbench/plugins/fr.ac6.mcu.externaltools.arm-none.win32_1.7.0.201602121829/tools/compiler/bin/../lib/gcc/arm-none-eabi/5.2.1/armv7e-m/fpu/crtn.o
                0x0800122c                . = ALIGN (0x4)
                0x0800122c                _etext = .

.vfp11_veneer   0x0800122c        0x0
 .vfp11_veneer  0x0800122c        0x0 linker stubs

.v4_bx          0x0800122c        0x0
 .v4_bx         0x0800122c        0x0 linker stubs

.iplt           0x0800122c        0x0
 .iplt          0x0800122c        0x0 f:/ac6/system workbench/plugins/fr.ac6.mcu.externaltools.arm-none.win32_1.7.0.201602121829/tools/compiler/bin/../lib/gcc/arm-none-eabi/5.2.1/armv7e-m/fpu/crtbegin.o

.rodata         0x0800122c       0xf4
                0x0800122c                . = ALIGN (0x4)
 *(.rodata)
 .rodata        0x0800122c       0x18 Drivers/CMSIS/Device/ST/STM32F3xx/Source/Templates/system_stm32f3xx.o
                0x0800122c                AHBPrescTable
                0x0800123c                APBPrescTable
 .rodata        0x08001244       0x20 Drivers/STM32F3xx_HAL_Driver/Src/stm32f3xx_hal_rcc.o
                0x08001244                aPLLMULFactorTable
                0x08001254                aPredivFactorTable
 .rodata        0x08001264       0x10 Src/SparkCycle.o
 *(.rodata*)
 .rodata.str1.1
                0x08001274       0x3b Drivers/STM32F3xx_HAL_Driver/Src/stm32f3xx_hal_cortex.o
 .rodata.str1.1
                0x080012af       0x39 Drivers/STM32F3xx_HAL_Driver/Src/stm32f3xx_hal_gpio.o
 .rodata.str1.1
                0x080012e8       0x38 Drivers/STM32F3xx_HAL_Driver/Src/stm32f3xx_hal_rcc.o
                0x08001320                . = ALIGN (0x4)

.rel.dyn        0x08001320        0x0
 .rel.iplt      0x08001320        0x0 f:/ac6/system workbench/plugins/fr.ac6.mcu.externaltools.arm-none.win32_1.7.0.201602121829/tools/compiler/bin/../lib/gcc/arm-none-eabi/5.2.1/armv7e-m/fpu/crtbegin.o

.ARM.extab
 *(.ARM.extab* .gnu.linkonce.armextab.*)

.ARM            0x08001320        0x0
                0x08001320                __exidx_start = .
 *(.ARM.exidx*)
                0x08001320                __exidx_end = .

.preinit_array  0x08001320        0x0
                0x08001320                PROVIDE (__preinit_array_start, .)
 *(.preinit_array*)
                0x08001320                PROVIDE (__preinit_array_end, .)

.init_array     0x08001320        0x4
                0x08001320                PROVIDE (__init_array_start, .)
 *(SORT(.init_array.*))
 *(.init_array*)
 .init_array    0x08001320        0x4 f:/ac6/system workbench/plugins/fr.ac6.mcu.externaltools.arm-none.win32_1.7.0.201602121829/tools/compiler/bin/../lib/gcc/arm-none-eabi/5.2.1/armv7e-m/fpu/crtbegin.o
                0x08001324                PROVIDE (__init_array_end, .)

.fini_array     0x08001324        0x4
                [!provide]                PROVIDE (__fini_array_start, .)
 *(SORT(.fini_array.*))
 *(.fini_array*)
 .fini_array    0x08001324        0x4 f:/ac6/system workbench/plugins/fr.ac6.mcu.externaltools.arm-none.win32_1.7.0.201602121829/tools/compiler/bin/../lib/gcc/arm-none-eabi/5.2.1/armv7e-m/fpu/crtbegin.o
                [!provide]                PROVIDE (__fini_array_end, .)
                0x08001328                _sidata = LOADADDR (.data)

.data           0x20000000        0x4 load address 0x08001328
                0x20000000                . = ALIGN (0x4)
                0x20000000                _sdata = .
 *(.data)
 .data          0x20000000        0x4 Drivers/CMSIS/Device/ST/STM32F3xx/Source/Templates/system_stm32f3xx.o
                0x20000000                SystemCoreClock
 *(.data*)
                0x20000004                . = ALIGN (0x4)
                0x20000004                _edata = .
                0x0800132c                _siccmram = LOADADDR (.ccmram)

.jcr            0x20000004        0x0 load address 0x0800132c
 .jcr           0x20000004        0x0 f:/ac6/system workbench/plugins/fr.ac6.mcu.externaltools.arm-none.win32_1.7.0.201602121829/tools/compiler/bin/../lib/gcc/arm-none-eabi/5.2.1/armv7e-m/fpu/crtbegin.o

.tm_clone_table
                0x20000004        0x0 load address 0x0800132c
 .tm_clone_table
                0x20000004        0x0 f:/ac6/system workbench/plugins/fr.ac6.mcu.externaltools.arm-none.win32_1.7.0.201602121829/tools/compiler/bin/../lib/gcc/arm-none-eabi/5.2.1/armv7e-m/fpu/crtbegin.o
 .tm_clone_table
                0x20000004        0x0 f:/ac6/system workbench/plugins/fr.ac6.mcu.externaltools.arm-none.win32_1.7.0.201602121829/tools/compiler/bin/../lib/gcc/arm-none-eabi/5.2.1/armv7e-m/fpu/crtend.o

.igot.plt       0x20000004        0x0 load address 0x0800132c
 .igot.plt      0x20000004        0x0 f:/ac6/system workbench/plugins/fr.ac6.mcu.externaltools.arm-none.win32_1.7.0.201602121829/tools/compiler/bin/../lib/gcc/arm-none-eabi/5.2.1/armv7e-m/fpu/crtbegin.o

.ccmram         0x10000000        0x0 load address 0x0800132c
                0x10000000                . = ALIGN (0x4)
                0x10000000                _sccmram = .
 *(.ccmram)
 *(.ccmram*)
                0x10000000                . = ALIGN (0x4)
                0x10000000                _eccmram = .
                0x10000000                . = ALIGN (0x4)

.bss            0x20000004       0x20
                0x20000004                _sbss = .
                0x20000004                __bss_start__ = _sbss
 *(.bss)
 .bss           0x20000004       0x1c f:/ac6/system workbench/plugins/fr.ac6.mcu.externaltools.arm-none.win32_1.7.0.201602121829/tools/compiler/bin/../lib/gcc/arm-none-eabi/5.2.1/armv7e-m/fpu/crtbegin.o
 *(.bss*)
 *(COMMON)
 COMMON         0x20000020        0x4 Drivers/STM32F3xx_HAL_Driver/Src/stm32f3xx_hal.o
                0x20000020                uwTick
                0x20000024                . = ALIGN (0x4)
                0x20000024                _ebss = .
                0x20000024                __bss_end__ = _ebss

._user_heap_stack
                0x20000024      0x604
                0x20000028                . = ALIGN (0x8)
 *fill*         0x20000024        0x4 
                [!provide]                PROVIDE (end, .)
                [!provide]                PROVIDE (_end, .)
                0x20000228                . = (. + _Min_Heap_Size)
 *fill*         0x20000028      0x200 
                0x20000628                . = (. + _Min_Stack_Size)
 *fill*         0x20000228      0x400 
                0x20000628                . = ALIGN (0x8)

/DISCARD/
 libc.a(*)
 libm.a(*)
 libgcc.a(*)

.ARM.attributes
                0x00000000       0x30
 *(.ARM.attributes)
 .ARM.attributes
                0x00000000       0x22 f:/ac6/system workbench/plugins/fr.ac6.mcu.externaltools.arm-none.win32_1.7.0.201602121829/tools/compiler/bin/../lib/gcc/arm-none-eabi/5.2.1/armv7e-m/fpu/crti.o
 .ARM.attributes
                0x00000022       0x34 f:/ac6/system workbench/plugins/fr.ac6.mcu.externaltools.arm-none.win32_1.7.0.201602121829/tools/compiler/bin/../lib/gcc/arm-none-eabi/5.2.1/armv7e-m/fpu/crtbegin.o
 .ARM.attributes
                0x00000056       0x21 Drivers/CMSIS/Device/ST/STM32F3xx/Source/Templates/gcc/startup_stm32f303xc.o
 .ARM.attributes
                0x00000077       0x39 Drivers/CMSIS/Device/ST/STM32F3xx/Source/Templates/system_stm32f3xx.o
 .ARM.attributes
                0x000000b0       0x39 Drivers/STM32F3xx_HAL_Driver/Src/stm32f3xx_hal.o
 .ARM.attributes
                0x000000e9       0x39 Drivers/STM32F3xx_HAL_Driver/Src/stm32f3xx_hal_cortex.o
 .ARM.attributes
                0x00000122       0x39 Drivers/STM32F3xx_HAL_Driver/Src/stm32f3xx_hal_gpio.o
 .ARM.attributes
                0x0000015b       0x39 Drivers/STM32F3xx_HAL_Driver/Src/stm32f3xx_hal_rcc.o
 .ARM.attributes
                0x00000194       0x39 Src/SparkCycle.o
 .ARM.attributes
                0x000001cd       0x39 Src/gpio.o
 .ARM.attributes
                0x00000206       0x39 Src/stm32f3xx_hal_msp.o
 .ARM.attributes
                0x0000023f       0x39 Src/stm32f3xx_it.o
 .ARM.attributes
                0x00000278       0x34 f:/ac6/system workbench/plugins/fr.ac6.mcu.externaltools.arm-none.win32_1.7.0.201602121829/tools/compiler/bin/../lib/gcc/arm-none-eabi/5.2.1/../../../../arm-none-eabi/lib/armv7e-m/fpu\libc_nano.a(lib_a-init.o)
 .ARM.attributes
                0x000002ac       0x34 f:/ac6/system workbench/plugins/fr.ac6.mcu.externaltools.arm-none.win32_1.7.0.201602121829/tools/compiler/bin/../lib/gcc/arm-none-eabi/5.2.1/armv7e-m/fpu/crtend.o
 .ARM.attributes
                0x000002e0       0x22 f:/ac6/system workbench/plugins/fr.ac6.mcu.externaltools.arm-none.win32_1.7.0.201602121829/tools/compiler/bin/../lib/gcc/arm-none-eabi/5.2.1/armv7e-m/fpu/crtn.o
OUTPUT(Practice work 2.elf elf32-littlearm)

.debug_line     0x00000000     0x4f0c
 .debug_line    0x00000000       0xae Drivers/CMSIS/Device/ST/STM32F3xx/Source/Templates/gcc/startup_stm32f303xc.o
 .debug_line    0x000000ae      0x78b Drivers/CMSIS/Device/ST/STM32F3xx/Source/Templates/system_stm32f3xx.o
 .debug_line    0x00000839      0x87a Drivers/STM32F3xx_HAL_Driver/Src/stm32f3xx_hal.o
 .debug_line    0x000010b3      0x9c0 Drivers/STM32F3xx_HAL_Driver/Src/stm32f3xx_hal_cortex.o
 .debug_line    0x00001a73      0x9cc Drivers/STM32F3xx_HAL_Driver/Src/stm32f3xx_hal_gpio.o
 .debug_line    0x0000243f      0xd55 Drivers/STM32F3xx_HAL_Driver/Src/stm32f3xx_hal_rcc.o
 .debug_line    0x00003194      0x78d Src/SparkCycle.o
 .debug_line    0x00003921      0x739 Src/gpio.o
 .debug_line    0x0000405a      0x72f Src/stm32f3xx_hal_msp.o
 .debug_line    0x00004789      0x783 Src/stm32f3xx_it.o

.debug_info     0x00000000     0x4aba
 .debug_info    0x00000000       0xa1 Drivers/CMSIS/Device/ST/STM32F3xx/Source/Templates/gcc/startup_stm32f303xc.o
 .debug_info    0x000000a1      0x3ea Drivers/CMSIS/Device/ST/STM32F3xx/Source/Templates/system_stm32f3xx.o
 .debug_info    0x0000048b      0x6f1 Drivers/STM32F3xx_HAL_Driver/Src/stm32f3xx_hal.o
 .debug_info    0x00000b7c     0x1038 Drivers/STM32F3xx_HAL_Driver/Src/stm32f3xx_hal_cortex.o
 .debug_info    0x00001bb4      0x849 Drivers/STM32F3xx_HAL_Driver/Src/stm32f3xx_hal_gpio.o
 .debug_info    0x000023fd     0x15e2 Drivers/STM32F3xx_HAL_Driver/Src/stm32f3xx_hal_rcc.o
 .debug_info    0x000039df      0x7ab Src/SparkCycle.o
 .debug_info    0x0000418a      0x36e Src/gpio.o
 .debug_info    0x000044f8      0x47b Src/stm32f3xx_hal_msp.o
 .debug_info    0x00004973      0x147 Src/stm32f3xx_it.o

.debug_abbrev   0x00000000      0xff8
 .debug_abbrev  0x00000000       0x12 Drivers/CMSIS/Device/ST/STM32F3xx/Source/Templates/gcc/startup_stm32f303xc.o
 .debug_abbrev  0x00000012      0x104 Drivers/CMSIS/Device/ST/STM32F3xx/Source/Templates/system_stm32f3xx.o
 .debug_abbrev  0x00000116      0x1d3 Drivers/STM32F3xx_HAL_Driver/Src/stm32f3xx_hal.o
 .debug_abbrev  0x000002e9      0x320 Drivers/STM32F3xx_HAL_Driver/Src/stm32f3xx_hal_cortex.o
 .debug_abbrev  0x00000609      0x202 Drivers/STM32F3xx_HAL_Driver/Src/stm32f3xx_hal_gpio.o
 .debug_abbrev  0x0000080b      0x2be Drivers/STM32F3xx_HAL_Driver/Src/stm32f3xx_hal_rcc.o
 .debug_abbrev  0x00000ac9      0x205 Src/SparkCycle.o
 .debug_abbrev  0x00000cce      0x146 Src/gpio.o
 .debug_abbrev  0x00000e14      0x112 Src/stm32f3xx_hal_msp.o
 .debug_abbrev  0x00000f26       0xd2 Src/stm32f3xx_it.o

.debug_aranges  0x00000000      0x330
 .debug_aranges
                0x00000000       0x28 Drivers/CMSIS/Device/ST/STM32F3xx/Source/Templates/gcc/startup_stm32f303xc.o
 .debug_aranges
                0x00000028       0x28 Drivers/CMSIS/Device/ST/STM32F3xx/Source/Templates/system_stm32f3xx.o
 .debug_aranges
                0x00000050       0xa8 Drivers/STM32F3xx_HAL_Driver/Src/stm32f3xx_hal.o
 .debug_aranges
                0x000000f8       0x98 Drivers/STM32F3xx_HAL_Driver/Src/stm32f3xx_hal_cortex.o
 .debug_aranges
                0x00000190       0x58 Drivers/STM32F3xx_HAL_Driver/Src/stm32f3xx_hal_gpio.o
 .debug_aranges
                0x000001e8       0x88 Drivers/STM32F3xx_HAL_Driver/Src/stm32f3xx_hal_rcc.o
 .debug_aranges
                0x00000270       0x38 Src/SparkCycle.o
 .debug_aranges
                0x000002a8       0x20 Src/gpio.o
 .debug_aranges
                0x000002c8       0x20 Src/stm32f3xx_hal_msp.o
 .debug_aranges
                0x000002e8       0x48 Src/stm32f3xx_it.o

.debug_ranges   0x00000000      0x530
 .debug_ranges  0x00000000       0x20 Drivers/CMSIS/Device/ST/STM32F3xx/Source/Templates/gcc/startup_stm32f303xc.o
 .debug_ranges  0x00000020       0x18 Drivers/CMSIS/Device/ST/STM32F3xx/Source/Templates/system_stm32f3xx.o
 .debug_ranges  0x00000038       0x98 Drivers/STM32F3xx_HAL_Driver/Src/stm32f3xx_hal.o
 .debug_ranges  0x000000d0      0x150 Drivers/STM32F3xx_HAL_Driver/Src/stm32f3xx_hal_cortex.o
 .debug_ranges  0x00000220       0x60 Drivers/STM32F3xx_HAL_Driver/Src/stm32f3xx_hal_gpio.o
 .debug_ranges  0x00000280      0x1d0 Drivers/STM32F3xx_HAL_Driver/Src/stm32f3xx_hal_rcc.o
 .debug_ranges  0x00000450       0x28 Src/SparkCycle.o
 .debug_ranges  0x00000478       0x50 Src/gpio.o
 .debug_ranges  0x000004c8       0x30 Src/stm32f3xx_hal_msp.o
 .debug_ranges  0x000004f8       0x38 Src/stm32f3xx_it.o

.debug_loc      0x00000000     0x1439
 .debug_loc     0x00000000       0xbe Drivers/CMSIS/Device/ST/STM32F3xx/Source/Templates/system_stm32f3xx.o
 .debug_loc     0x000000be       0x4b Drivers/STM32F3xx_HAL_Driver/Src/stm32f3xx_hal.o
 .debug_loc     0x00000109      0x59a Drivers/STM32F3xx_HAL_Driver/Src/stm32f3xx_hal_cortex.o
 .debug_loc     0x000006a3      0x49f Drivers/STM32F3xx_HAL_Driver/Src/stm32f3xx_hal_gpio.o
 .debug_loc     0x00000b42      0x883 Drivers/STM32F3xx_HAL_Driver/Src/stm32f3xx_hal_rcc.o
 .debug_loc     0x000013c5       0x74 Src/SparkCycle.o

.debug_macro    0x00000000    0x1bfe6
 .debug_macro   0x00000000      0x2c0 Drivers/CMSIS/Device/ST/STM32F3xx/Source/Templates/system_stm32f3xx.o
 .debug_macro   0x000002c0      0x89e Drivers/CMSIS/Device/ST/STM32F3xx/Source/Templates/system_stm32f3xx.o
 .debug_macro   0x00000b5e       0x31 Drivers/CMSIS/Device/ST/STM32F3xx/Source/Templates/system_stm32f3xx.o
 .debug_macro   0x00000b8f       0x28 Drivers/CMSIS/Device/ST/STM32F3xx/Source/Templates/system_stm32f3xx.o
 .debug_macro   0x00000bb7       0x22 Drivers/CMSIS/Device/ST/STM32F3xx/Source/Templates/system_stm32f3xx.o
 .debug_macro   0x00000bd9       0x44 Drivers/CMSIS/Device/ST/STM32F3xx/Source/Templates/system_stm32f3xx.o
 .debug_macro   0x00000c1d       0xfd Drivers/CMSIS/Device/ST/STM32F3xx/Source/Templates/system_stm32f3xx.o
 .debug_macro   0x00000d1a       0x22 Drivers/CMSIS/Device/ST/STM32F3xx/Source/Templates/system_stm32f3xx.o
 .debug_macro   0x00000d3c      0x1df Drivers/CMSIS/Device/ST/STM32F3xx/Source/Templates/system_stm32f3xx.o
 .debug_macro   0x00000f1b       0x35 Drivers/CMSIS/Device/ST/STM32F3xx/Source/Templates/system_stm32f3xx.o
 .debug_macro   0x00000f50       0x50 Drivers/CMSIS/Device/ST/STM32F3xx/Source/Templates/system_stm32f3xx.o
 .debug_macro   0x00000fa0      0xe66 Drivers/CMSIS/Device/ST/STM32F3xx/Source/Templates/system_stm32f3xx.o
 .debug_macro   0x00001e06    0x12a87 Drivers/CMSIS/Device/ST/STM32F3xx/Source/Templates/system_stm32f3xx.o
 .debug_macro   0x0001488d       0x43 Drivers/CMSIS/Device/ST/STM32F3xx/Source/Templates/system_stm32f3xx.o
 .debug_macro   0x000148d0       0x76 Drivers/CMSIS/Device/ST/STM32F3xx/Source/Templates/system_stm32f3xx.o
 .debug_macro   0x00014946       0x99 Drivers/CMSIS/Device/ST/STM32F3xx/Source/Templates/system_stm32f3xx.o
 .debug_macro   0x000149df     0x33ad Drivers/CMSIS/Device/ST/STM32F3xx/Source/Templates/system_stm32f3xx.o
 .debug_macro   0x00017d8c       0x58 Drivers/CMSIS/Device/ST/STM32F3xx/Source/Templates/system_stm32f3xx.o
 .debug_macro   0x00017de4       0x35 Drivers/CMSIS/Device/ST/STM32F3xx/Source/Templates/system_stm32f3xx.o
 .debug_macro   0x00017e19       0x9c Drivers/CMSIS/Device/ST/STM32F3xx/Source/Templates/system_stm32f3xx.o
 .debug_macro   0x00017eb5       0x16 Drivers/CMSIS/Device/ST/STM32F3xx/Source/Templates/system_stm32f3xx.o
 .debug_macro   0x00017ecb       0x97 Drivers/CMSIS/Device/ST/STM32F3xx/Source/Templates/system_stm32f3xx.o
 .debug_macro   0x00017f62      0x329 Drivers/CMSIS/Device/ST/STM32F3xx/Source/Templates/system_stm32f3xx.o
 .debug_macro   0x0001828b       0xfd Drivers/CMSIS/Device/ST/STM32F3xx/Source/Templates/system_stm32f3xx.o
 .debug_macro   0x00018388       0x10 Drivers/CMSIS/Device/ST/STM32F3xx/Source/Templates/system_stm32f3xx.o
 .debug_macro   0x00018398       0x52 Drivers/CMSIS/Device/ST/STM32F3xx/Source/Templates/system_stm32f3xx.o
 .debug_macro   0x000183ea       0x16 Drivers/CMSIS/Device/ST/STM32F3xx/Source/Templates/system_stm32f3xx.o
 .debug_macro   0x00018400       0x43 Drivers/CMSIS/Device/ST/STM32F3xx/Source/Templates/system_stm32f3xx.o
 .debug_macro   0x00018443      0x187 Drivers/CMSIS/Device/ST/STM32F3xx/Source/Templates/system_stm32f3xx.o
 .debug_macro   0x000185ca       0x10 Drivers/CMSIS/Device/ST/STM32F3xx/Source/Templates/system_stm32f3xx.o
 .debug_macro   0x000185da       0x22 Drivers/CMSIS/Device/ST/STM32F3xx/Source/Templates/system_stm32f3xx.o
 .debug_macro   0x000185fc       0x3a Drivers/CMSIS/Device/ST/STM32F3xx/Source/Templates/system_stm32f3xx.o
 .debug_macro   0x00018636       0x10 Drivers/CMSIS/Device/ST/STM32F3xx/Source/Templates/system_stm32f3xx.o
 .debug_macro   0x00018646       0x40 Drivers/CMSIS/Device/ST/STM32F3xx/Source/Templates/system_stm32f3xx.o
 .debug_macro   0x00018686       0x65 Drivers/CMSIS/Device/ST/STM32F3xx/Source/Templates/system_stm32f3xx.o
 .debug_macro   0x000186eb       0x16 Drivers/CMSIS/Device/ST/STM32F3xx/Source/Templates/system_stm32f3xx.o
 .debug_macro   0x00018701      0x197 Drivers/CMSIS/Device/ST/STM32F3xx/Source/Templates/system_stm32f3xx.o
 .debug_macro   0x00018898       0x49 Drivers/CMSIS/Device/ST/STM32F3xx/Source/Templates/system_stm32f3xx.o
 .debug_macro   0x000188e1      0x969 Drivers/CMSIS/Device/ST/STM32F3xx/Source/Templates/system_stm32f3xx.o
 .debug_macro   0x0001924a      0x5fe Drivers/CMSIS/Device/ST/STM32F3xx/Source/Templates/system_stm32f3xx.o
 .debug_macro   0x00019848      0x13a Drivers/CMSIS/Device/ST/STM32F3xx/Source/Templates/system_stm32f3xx.o
 .debug_macro   0x00019982      0x1fb Drivers/CMSIS/Device/ST/STM32F3xx/Source/Templates/system_stm32f3xx.o
 .debug_macro   0x00019b7d      0x1b5 Drivers/CMSIS/Device/ST/STM32F3xx/Source/Templates/system_stm32f3xx.o
 .debug_macro   0x00019d32       0x31 Drivers/CMSIS/Device/ST/STM32F3xx/Source/Templates/system_stm32f3xx.o
 .debug_macro   0x00019d63       0x3c Drivers/CMSIS/Device/ST/STM32F3xx/Source/Templates/system_stm32f3xx.o
 .debug_macro   0x00019d9f      0x23a Drivers/CMSIS/Device/ST/STM32F3xx/Source/Templates/system_stm32f3xx.o
 .debug_macro   0x00019fd9       0xcb Drivers/CMSIS/Device/ST/STM32F3xx/Source/Templates/system_stm32f3xx.o
 .debug_macro   0x0001a0a4      0x22b Drivers/CMSIS/Device/ST/STM32F3xx/Source/Templates/system_stm32f3xx.o
 .debug_macro   0x0001a2cf      0x202 Drivers/CMSIS/Device/ST/STM32F3xx/Source/Templates/system_stm32f3xx.o
 .debug_macro   0x0001a4d1       0x4f Drivers/CMSIS/Device/ST/STM32F3xx/Source/Templates/system_stm32f3xx.o
 .debug_macro   0x0001a520       0x90 Drivers/CMSIS/Device/ST/STM32F3xx/Source/Templates/system_stm32f3xx.o
 .debug_macro   0x0001a5b0       0x82 Drivers/CMSIS/Device/ST/STM32F3xx/Source/Templates/system_stm32f3xx.o
 .debug_macro   0x0001a632       0xd4 Drivers/CMSIS/Device/ST/STM32F3xx/Source/Templates/system_stm32f3xx.o
 .debug_macro   0x0001a706      0x26e Drivers/CMSIS/Device/ST/STM32F3xx/Source/Templates/system_stm32f3xx.o
 .debug_macro   0x0001a974      0x2de Drivers/STM32F3xx_HAL_Driver/Src/stm32f3xx_hal.o
 .debug_macro   0x0001ac52      0x2ba Drivers/STM32F3xx_HAL_Driver/Src/stm32f3xx_hal_cortex.o
 .debug_macro   0x0001af0c      0x2f2 Drivers/STM32F3xx_HAL_Driver/Src/stm32f3xx_hal_gpio.o
 .debug_macro   0x0001b1fe      0x2de Drivers/STM32F3xx_HAL_Driver/Src/stm32f3xx_hal_rcc.o
 .debug_macro   0x0001b4dc      0x2c8 Src/SparkCycle.o
 .debug_macro   0x0001b7a4      0x2c4 Src/gpio.o
 .debug_macro   0x0001ba68      0x2ba Src/stm32f3xx_hal_msp.o
 .debug_macro   0x0001bd22      0x2c4 Src/stm32f3xx_it.o

.debug_str      0x00000000    0xa265a
 .debug_str     0x00000000    0xa143a Drivers/CMSIS/Device/ST/STM32F3xx/Source/Templates/system_stm32f3xx.o
                              0xa16c7 (size before relaxing)
 .debug_str     0x000a143a      0x646 Drivers/STM32F3xx_HAL_Driver/Src/stm32f3xx_hal.o
                              0xa1dc4 (size before relaxing)
 .debug_str     0x000a1a80      0x377 Drivers/STM32F3xx_HAL_Driver/Src/stm32f3xx_hal_cortex.o
                              0xa1ee8 (size before relaxing)
 .debug_str     0x000a1df7      0x2f6 Drivers/STM32F3xx_HAL_Driver/Src/stm32f3xx_hal_gpio.o
                              0xa191f (size before relaxing)
 .debug_str     0x000a20ed      0x3f8 Drivers/STM32F3xx_HAL_Driver/Src/stm32f3xx_hal_rcc.o
                              0xa1b14 (size before relaxing)
 .debug_str     0x000a24e5       0xa1 Src/SparkCycle.o
                              0xa1c80 (size before relaxing)
 .debug_str     0x000a2586       0x1e Src/gpio.o
                              0xa1677 (size before relaxing)
 .debug_str     0x000a25a4       0x27 Src/stm32f3xx_hal_msp.o
                              0xa1a20 (size before relaxing)
 .debug_str     0x000a25cb       0x8f Src/stm32f3xx_it.o
                              0xa15d9 (size before relaxing)

.comment        0x00000000       0x6e
 .comment       0x00000000       0x6e Drivers/CMSIS/Device/ST/STM32F3xx/Source/Templates/system_stm32f3xx.o
                                 0x6f (size before relaxing)
 .comment       0x0000006e       0x6f Drivers/STM32F3xx_HAL_Driver/Src/stm32f3xx_hal.o
 .comment       0x0000006e       0x6f Drivers/STM32F3xx_HAL_Driver/Src/stm32f3xx_hal_cortex.o
 .comment       0x0000006e       0x6f Drivers/STM32F3xx_HAL_Driver/Src/stm32f3xx_hal_gpio.o
 .comment       0x0000006e       0x6f Drivers/STM32F3xx_HAL_Driver/Src/stm32f3xx_hal_rcc.o
 .comment       0x0000006e       0x6f Src/SparkCycle.o
 .comment       0x0000006e       0x6f Src/gpio.o
 .comment       0x0000006e       0x6f Src/stm32f3xx_hal_msp.o
 .comment       0x0000006e       0x6f Src/stm32f3xx_it.o

.debug_frame    0x00000000      0x6ec
 .debug_frame   0x00000000       0x38 Drivers/CMSIS/Device/ST/STM32F3xx/Source/Templates/system_stm32f3xx.o
 .debug_frame   0x00000038      0x164 Drivers/STM32F3xx_HAL_Driver/Src/stm32f3xx_hal.o
 .debug_frame   0x0000019c      0x160 Drivers/STM32F3xx_HAL_Driver/Src/stm32f3xx_hal_cortex.o
 .debug_frame   0x000002fc      0x100 Drivers/STM32F3xx_HAL_Driver/Src/stm32f3xx_hal_gpio.o
 .debug_frame   0x000003fc      0x150 Drivers/STM32F3xx_HAL_Driver/Src/stm32f3xx_hal_rcc.o
 .debug_frame   0x0000054c       0x6c Src/SparkCycle.o
 .debug_frame   0x000005b8       0x34 Src/gpio.o
 .debug_frame   0x000005ec       0x28 Src/stm32f3xx_hal_msp.o
 .debug_frame   0x00000614       0xac Src/stm32f3xx_it.o
 .debug_frame   0x000006c0       0x2c f:/ac6/system workbench/plugins/fr.ac6.mcu.externaltools.arm-none.win32_1.7.0.201602121829/tools/compiler/bin/../lib/gcc/arm-none-eabi/5.2.1/../../../../arm-none-eabi/lib/armv7e-m/fpu\libc_nano.a(lib_a-init.o)
